graph: { title: "C:\Users\domin\Documents\Privat\Studium\Sem_10\ASYD\Safety\Aufgaben\ASYD\arch\ARM\Nordic\drivers\nrf_common\nrf-rng.adb"
node: { title: "nrf__rng__enable_digital_error_correction" label: "Enable_Digital_Error_Correction\nC:\Users\domin\Documents\Privat\Studium\Sem_10\ASYD\Safety\Aufgaben\ASYD\arch\ARM\Nordic\drivers\nrf_common\nrf-rng.adb:40:4\n4 bytes (static)" }
node: { title: "nrf__rng__disable_digital_error_correction" label: "Disable_Digital_Error_Correction\nC:\Users\domin\Documents\Privat\Studium\Sem_10\ASYD\Safety\Aufgaben\ASYD\arch\ARM\Nordic\drivers\nrf_common\nrf-rng.adb:49:4\n4 bytes (static)" }
node: { title: "nrf__rng__read" label: "Read\nC:\Users\domin\Documents\Privat\Studium\Sem_10\ASYD\Safety\Aufgaben\ASYD\arch\ARM\Nordic\drivers\nrf_common\nrf-rng.adb:58:4\n4 bytes (static)" }
}
