graph: { title: "C:\Users\domin\Documents\Privat\Studium\Sem_10\ASYD\Safety\Aufgaben\ASYD\arch\ARM\Nordic\svd\nrf52\nrf_svd-ecb.ads"
node: { title: "nrf_svd__ecb__intenset_registerIP" label: "INTENSET_REGISTERIP\nC:\Users\domin\Documents\Privat\Studium\Sem_10\ASYD\Safety\Aufgaben\ASYD\arch\ARM\Nordic\svd\nrf52\nrf_svd-ecb.ads:100:9\n16 bytes (static)" }
node: { title: "nrf_svd__ecb__intenclr_registerIP" label: "INTENCLR_REGISTERIP\nC:\Users\domin\Documents\Privat\Studium\Sem_10\ASYD\Safety\Aufgaben\ASYD\arch\ARM\Nordic\svd\nrf52\nrf_svd-ecb.ads:163:9\n16 bytes (static)" }
node: { title: "nrf_svd__ecb__ecb_peripheralIP" label: "ECB_PERIPHERALIP\nC:\Users\domin\Documents\Privat\Studium\Sem_10\ASYD\Safety\Aufgaben\ASYD\arch\ARM\Nordic\svd\nrf52\nrf_svd-ecb.ads:186:9\n16 bytes (static)" }
edge: { sourcename: "nrf_svd__ecb__ecb_peripheralIP" targetname: "nrf_svd__ecb__intenset_registerIP" label: "C:\Users\domin\Documents\Privat\Studium\Sem_10\ASYD\Safety\Aufgaben\ASYD\arch\ARM\Nordic\svd\nrf52\nrf_svd-ecb.ads:197:7" }
edge: { sourcename: "nrf_svd__ecb__ecb_peripheralIP" targetname: "nrf_svd__ecb__intenclr_registerIP" label: "C:\Users\domin\Documents\Privat\Studium\Sem_10\ASYD\Safety\Aufgaben\ASYD\arch\ARM\Nordic\svd\nrf52\nrf_svd-ecb.ads:199:7" }
}
